Microsoft Windows [Versión 10.0.26200.8037]
(c) Microsoft Corporation. Todos los derechos reservados.

C:\Users\jhonv\Desktop\DAM 1\DAM1\ED\examen\Practica_Examen>git add .

C:\Users\jhonv\Desktop\DAM 1\DAM1\ED\examen\Practica_Examen>git commit -m "Initial configuration"
[main (root-commit) 69154ca] Initial configuration
 3 files changed, 0 insertions(+), 0 deletions(-)
 create mode 100644 Comandos_Git.txt
 create mode 100644 README.md
 create mode 100644 main.py

C:\Users\jhonv\Desktop\DAM 1\DAM1\ED\examen\Practica_Examen>git status
On branch main
Your branch is based on 'origin/main', but the upstream is gone.
  (use "git branch --unset-upstream" to fixup)

nothing to commit, working tree clean

C:\Users\jhonv\Desktop\DAM 1\DAM1\ED\examen\Practica_Examen>git push
Enumerating objects: 3, done.
Counting objects: 100% (3/3), done.
Delta compression using up to 28 threads
Compressing objects: 100% (2/2), done.
Writing objects: 100% (3/3), 251 bytes | 251.00 KiB/s, done.
Total 3 (delta 0), reused 0 (delta 0), pack-reused 0 (from 0)
To https://github.com/JohnAngeloVera/Practica_Examen.git
 * [new branch]      main -> main

C:\Users\jhonv\Desktop\DAM 1\DAM1\ED\examen\Practica_Examen>git branch develop

C:\Users\jhonv\Desktop\DAM 1\DAM1\ED\examen\Practica_Examen>git checkout develop
Switched to branch 'develop'

C:\Users\jhonv\Desktop\DAM 1\DAM1\ED\examen\Practica_Examen>git status
On branch develop
nothing to commit, working tree clean